ERROR: D:\project\universityDemo\.env not found — run bootstrap_services.py first.
Traceback (most recent call last):
  File "D:\project\universityDemo\bootstrap_services.py", line 889, in <module>
    sys.exit(main())
             ~~~~^^
  File "D:\project\universityDemo\bootstrap_services.py", line 861, in main
    ensure_docker_daemon()
    ~~~~~~~~~~~~~~~~~~~~^^
  File "D:\project\universityDemo\bootstrap_services.py", line 458, in ensure_docker_daemon
    if subprocess.run(["docker", "info"], capture_output=True).returncode == 0:
       ~~~~~~~~~~~~~~^^^^^^^^^^^^^^^^^^^^^^^^^^^^^^^^^^^^^^^^^
  File "C:\Users\ADMIN\AppData\Local\Python\pythoncore-3.14-64\Lib\subprocess.py", line 555, in run
    with Popen(*popenargs, **kwargs) as process:
         ~~~~~^^^^^^^^^^^^^^^^^^^^^^
  File "C:\Users\ADMIN\AppData\Local\Python\pythoncore-3.14-64\Lib\subprocess.py", line 1039, in __init__
    self._execute_child(args, executable, preexec_fn, close_fds,
    ~~~~~~~~~~~~~~~~~~~^^^^^^^^^^^^^^^^^^^^^^^^^^^^^^^^^^^^^^^^^
                        pass_fds, cwd, env,
                        ^^^^^^^^^^^^^^^^^^^
    ...<5 lines>...
                        gid, gids, uid, umask,
                        ^^^^^^^^^^^^^^^^^^^^^^
                        start_new_session, process_group)
                        ^^^^^^^^^^^^^^^^^^^^^^^^^^^^^^^^^
  File "C:\Users\ADMIN\AppData\Local\Python\pythoncore-3.14-64\Lib\subprocess.py", line 1553, in _execute_child
    hp, ht, pid, tid = _winapi.CreateProcess(executable, args,
                       ~~~~~~~~~~~~~~~~~~~~~^^^^^^^^^^^^^^^^^^
                             # no special security
                             ^^^^^^^^^^^^^^^^^^^^^
    ...<4 lines>...
                             cwd,
                             ^^^^
                             startupinfo)
                             ^^^^^^^^^^^^
FileNotFoundError: [WinError 2] The system cannot find the file specified
